Building DAG of jobs...
Using shell: /usr/bin/bash
Provided cores: 40
Rules claiming more threads will be scaled down.
Provided resources: mem_mb=2000, mem_mib=1908, disk_mb=2000, disk_mib=1908, nvidia_gpu=0
Select jobs to execute...

[Wed Oct 22 18:44:08 2025]
rule process_features:
    input: /eos/experiment/sndlhc/convertedData/physics/2024/run_243/run_008724/sndsw_raw-0229.root, /eos/experiment/sndlhc/convertedData/physics/2024/geofile_sndlhc_TI18_V12_2024.root, /afs/cern.ch/user/z/zhibin/work/snd-ml/convertData/digi_2_features.py
    output: /eos/experiment/sndlhc/users/zhibin/real_data/run_243/run_008724/vetoFree_feature_real_data_run_243_run_008724_sndsw_raw-0229.root
    jobid: 0
    reason: Forced execution
    wildcards: feature_path=/eos/experiment/sndlhc/users/zhibin/real_data/run_243/run_008724/vetoFree_feature_real_data_run_243_run_008724_sndsw_raw-0229.root
    resources: mem_mb=2000, mem_mib=1908, disk_mb=2000, disk_mib=1908, tmpdir=/pool/condor/dir_515054/tmp, runtime=3600, nvidia_gpu=0

WARNING: not updating modulefiles
Use alienv list to list loaded modules.
Loading sndsw/latest-master-release
  Loading requirement: BASE/1.0
Info in <TGeoManager::CloseGeometry>: Geometry loaded from file...
Info in <TGeoManager::SetTopVolume>: Top volume is cave. Master volume is cave
Info in <TGeoNavigator::BuildCache>: --- Maximum geometry depth set to 100
Info in <TGeoManager::Voxelize>: Voxelizing...
Info in <TGeoManager::CountLevels>: max level = 7, max placements = 2829
Info in <TGeoManager::CloseGeometry>: 342610 nodes/ 95 volume UID's in FAIR geometry
Info in <TGeoManager::CloseGeometry>: ----------------modeler ready----------------
[Wed Oct 22 18:44:23 2025]
Finished job 0.
1 of 1 steps (100%) done
